
Checking handling of options.

Ccache directory = testdir/kdc.
Calling module `pam_krb5.so'.
`Password: ' -> `foo'
AUTH	0	Success
ESTCRED	0	Success
FILE:$testdir/kdc/krb5_cc_$UID_XXXXXX
DELCRED	0	Success
