
Succeed: correct password, do not warn about expiration.
Calling module `pam_krb5.so'.
`Password: ' -> `foo'
AUTH	0	Success
ACCT	12	Authentication token is no longer valid; new one required
