
Checking handling of options.

Banner = K3RB3R05 S
Calling module `pam_krb5.so'.
`K3RB3R05 S Password: ' -> `foo'
CHAUTHTOK1	0	Success
`New K3RB3R05 S Password: ' -> `bar'
`Repeat New K3RB3R05 S Password: ' -> `bar'
CHAUTHTOK2	0	Success
